01:02:35 **** Build of configuration Debug for project 05_Testing_cmsis-dsp_float32 ****
make -j12 all 
arm-none-eabi-gcc -mcpu=cortex-m4 -g3 -DDEBUG -c -x assembler-with-cpp -MMD -MP -MF"Startup/startup_stm32f429zitx.d" -MT"Startup/startup_stm32f429zitx.o" --specs=nano.specs -mfpu=fpv4-sp-d16 -mfloat-abi=hard -mthumb -o "Startup/startup_stm32f429zitx.o" "../Startup/startup_stm32f429zitx.s"
arm-none-eabi-gcc "../Src/main.c" -mcpu=cortex-m4 -std=gnu11 -g3 -DDEBUG -DSTM32 -DSTM32F429ZITx -DSTM32F4 -DSTM32F429xx -DARM_MATH_CM4 -D__FPU_PRESENT -c -I../Inc -I"/home/koffiah/STM32CubeIDE/Advanced-DSP/05_Testing_cmsis-dsp_float32/chip_headers/CMSIS/Include" -I"/home/koffiah/STM32CubeIDE/Advanced-DSP/05_Testing_cmsis-dsp_float32/chip_headers/CMSIS/Device/ST/STM32F4xx/Include" -I"/home/koffiah/STM32CubeIDE/Advanced-DSP/05_Testing_cmsis-dsp_float32/chip_headers/CMSIS/DSP/Include" -I"/home/koffiah/STM32CubeIDE/Advanced-DSP/05_Testing_cmsis-dsp_float32/chip_headers/CMSIS/DSP/PrivateInclude" -O0 -ffunction-sections -fdata-sections -Wall -fstack-usage -fcyclomatic-complexity -MMD -MP -MF"Src/main.d" -MT"Src/main.o" --specs=nano.specs -mfpu=fpv4-sp-d16 -mfloat-abi=hard -mthumb -o "Src/main.o"
arm-none-eabi-gcc "../Src/signals.c" -mcpu=cortex-m4 -std=gnu11 -g3 -DDEBUG -DSTM32 -DSTM32F429ZITx -DSTM32F4 -DSTM32F429xx -DARM_MATH_CM4 -D__FPU_PRESENT -c -I../Inc -I"/home/koffiah/STM32CubeIDE/Advanced-DSP/05_Testing_cmsis-dsp_float32/chip_headers/CMSIS/Include" -I"/home/koffiah/STM32CubeIDE/Advanced-DSP/05_Testing_cmsis-dsp_float32/chip_headers/CMSIS/Device/ST/STM32F4xx/Include" -I"/home/koffiah/STM32CubeIDE/Advanced-DSP/05_Testing_cmsis-dsp_float32/chip_headers/CMSIS/DSP/Include" -I"/home/koffiah/STM32CubeIDE/Advanced-DSP/05_Testing_cmsis-dsp_float32/chip_headers/CMSIS/DSP/PrivateInclude" -O0 -ffunction-sections -fdata-sections -Wall -fstack-usage -fcyclomatic-complexity -MMD -MP -MF"Src/signals.d" -MT"Src/signals.o" --specs=nano.specs -mfpu=fpv4-sp-d16 -mfloat-abi=hard -mthumb -o "Src/signals.o"
arm-none-eabi-gcc "../Src/syscalls.c" -mcpu=cortex-m4 -std=gnu11 -g3 -DDEBUG -DSTM32 -DSTM32F429ZITx -DSTM32F4 -DSTM32F429xx -DARM_MATH_CM4 -D__FPU_PRESENT -c -I../Inc -I"/home/koffiah/STM32CubeIDE/Advanced-DSP/05_Testing_cmsis-dsp_float32/chip_headers/CMSIS/Include" -I"/home/koffiah/STM32CubeIDE/Advanced-DSP/05_Testing_cmsis-dsp_float32/chip_headers/CMSIS/Device/ST/STM32F4xx/Include" -I"/home/koffiah/STM32CubeIDE/Advanced-DSP/05_Testing_cmsis-dsp_float32/chip_headers/CMSIS/DSP/Include" -I"/home/koffiah/STM32CubeIDE/Advanced-DSP/05_Testing_cmsis-dsp_float32/chip_headers/CMSIS/DSP/PrivateInclude" -O0 -ffunction-sections -fdata-sections -Wall -fstack-usage -fcyclomatic-complexity -MMD -MP -MF"Src/syscalls.d" -MT"Src/syscalls.o" --specs=nano.specs -mfpu=fpv4-sp-d16 -mfloat-abi=hard -mthumb -o "Src/syscalls.o"
arm-none-eabi-gcc "../Src/sysmem.c" -mcpu=cortex-m4 -std=gnu11 -g3 -DDEBUG -DSTM32 -DSTM32F429ZITx -DSTM32F4 -DSTM32F429xx -DARM_MATH_CM4 -D__FPU_PRESENT -c -I../Inc -I"/home/koffiah/STM32CubeIDE/Advanced-DSP/05_Testing_cmsis-dsp_float32/chip_headers/CMSIS/Include" -I"/home/koffiah/STM32CubeIDE/Advanced-DSP/05_Testing_cmsis-dsp_float32/chip_headers/CMSIS/Device/ST/STM32F4xx/Include" -I"/home/koffiah/STM32CubeIDE/Advanced-DSP/05_Testing_cmsis-dsp_float32/chip_headers/CMSIS/DSP/Include" -I"/home/koffiah/STM32CubeIDE/Advanced-DSP/05_Testing_cmsis-dsp_float32/chip_headers/CMSIS/DSP/PrivateInclude" -O0 -ffunction-sections -fdata-sections -Wall -fstack-usage -fcyclomatic-complexity -MMD -MP -MF"Src/sysmem.d" -MT"Src/sysmem.o" --specs=nano.specs -mfpu=fpv4-sp-d16 -mfloat-abi=hard -mthumb -o "Src/sysmem.o"
arm-none-eabi-gcc "../Src/uart.c" -mcpu=cortex-m4 -std=gnu11 -g3 -DDEBUG -DSTM32 -DSTM32F429ZITx -DSTM32F4 -DSTM32F429xx -DARM_MATH_CM4 -D__FPU_PRESENT -c -I../Inc -I"/home/koffiah/STM32CubeIDE/Advanced-DSP/05_Testing_cmsis-dsp_float32/chip_headers/CMSIS/Include" -I"/home/koffiah/STM32CubeIDE/Advanced-DSP/05_Testing_cmsis-dsp_float32/chip_headers/CMSIS/Device/ST/STM32F4xx/Include" -I"/home/koffiah/STM32CubeIDE/Advanced-DSP/05_Testing_cmsis-dsp_float32/chip_headers/CMSIS/DSP/Include" -I"/home/koffiah/STM32CubeIDE/Advanced-DSP/05_Testing_cmsis-dsp_float32/chip_headers/CMSIS/DSP/PrivateInclude" -O0 -ffunction-sections -fdata-sections -Wall -fstack-usage -fcyclomatic-complexity -MMD -MP -MF"Src/uart.d" -MT"Src/uart.o" --specs=nano.specs -mfpu=fpv4-sp-d16 -mfloat-abi=hard -mthumb -o "Src/uart.o"
In file included from /home/koffiah/STM32CubeIDE/Advanced-DSP/05_Testing_cmsis-dsp_float32/chip_headers/CMSIS/Device/ST/STM32F4xx/Include/stm32f4xx.h:140,
                 from ../Inc/uart.h:6,
                 from ../Src/uart.c:1:
/home/koffiah/STM32CubeIDE/Advanced-DSP/05_Testing_cmsis-dsp_float32/chip_headers/CMSIS/Device/ST/STM32F4xx/Include/stm32f429xx.h:51:9: warning: "__FPU_PRESENT" redefined
   51 | #define __FPU_PRESENT             1U       /*!< FPU present                                   */
      |         ^~~~~~~~~~~~~
<command-line>: note: this is the location of the previous definition
In file included from /home/koffiah/STM32CubeIDE/Advanced-DSP/05_Testing_cmsis-dsp_float32/chip_headers/CMSIS/Device/ST/STM32F4xx/Include/stm32f4xx.h:140,
                 from ../Src/main.c:3:
/home/koffiah/STM32CubeIDE/Advanced-DSP/05_Testing_cmsis-dsp_float32/chip_headers/CMSIS/Device/ST/STM32F4xx/Include/stm32f429xx.h:51:9: warning: "__FPU_PRESENT" redefined
   51 | #define __FPU_PRESENT             1U       /*!< FPU present                                   */
      |         ^~~~~~~~~~~~~
<command-line>: note: this is the location of the previous definition
../Src/main.c:38:13: warning: 'plot_input_signal' defined but not used [-Wunused-function]
   38 | static void plot_input_signal(void) {
      |             ^~~~~~~~~~~~~~~~~
arm-none-eabi-gcc -o "05_Testing_cmsis-dsp_float32.elf" @"objects.list"   -mcpu=cortex-m4 -T"/home/koffiah/STM32CubeIDE/Advanced-DSP/05_Testing_cmsis-dsp_float32/STM32F429ZITX_FLASH.ld" --specs=nosys.specs -Wl,-Map="05_Testing_cmsis-dsp_float32.map" -Wl,--gc-sections -static --specs=nano.specs -mfpu=fpv4-sp-d16 -mfloat-abi=hard -mthumb -u _printf_float -u _scanf_float -Wl,--start-group -lc -lm -Wl,--end-group
Finished building target: 05_Testing_cmsis-dsp_float32.elf
 
arm-none-eabi-size  05_Testing_cmsis-dsp_float32.elf 
arm-none-eabi-objdump -h -S 05_Testing_cmsis-dsp_float32.elf  > "05_Testing_cmsis-dsp_float32.list"
   text	   data	    bss	    dec	    hex	filename
  23608	   1736	   1904	  27248	   6a70	05_Testing_cmsis-dsp_float32.elf
Finished building: default.size.stdout
 
Finished building: 05_Testing_cmsis-dsp_float32.list
 

01:02:35 Build Finished. 0 errors, 3 warnings. (took 217ms)

